2026/09/15 06:53:32 logging to C:\Users\User\Desktop\OpenFlux\openflux-20260915-065332.log
2026/09/15 06:53:32 === Universal Bypass Tool ===
2026/09/15 06:53:32 Mode: CLIENT
2026/09/15 06:53:32 Transport: yandex
2026/09/15 06:53:32 Multi-stream: 2 documents
2026/09/15 06:53:32 Multi-stream: document #0 #65df7940
2026/09/15 06:53:32 Multi-stream: document #1 #f69dd1b4
2026/09/15 06:53:32 Running as CLIENT (SOCKS5 on :1080)
2026/09/15 06:53:37 [MULTI] up=2/2 buf=0/0B replayed=0 dropped=0(old)/0(full) s0=UP(rx=0,tx=0,rc=0) probe=1/0/1/0 alive=1 rxAge=5s frames=0 werr=0 qfull=0 badframe=0 s1=UP(rx=0,tx=0,rc=0) probe=1/0/1/0 alive=1 rxAge=5s frames=0 werr=0 qfull=0 badframe=0
2026/09/15 06:53:42 [MULTI] up=2/2 buf=0/0B replayed=0 dropped=0(old)/0(full) s0=UP(rx=0,tx=0,rc=0) probe=3/0/3/0 alive=1 rxAge=10s frames=0 werr=0 qfull=0 badframe=0 s1=UP(rx=0,tx=0,rc=0) probe=3/0/3/0 alive=1 rxAge=10s frames=0 werr=0 qfull=0 badframe=0
2026/09/15 06:53:42 [STATS] up=10s mode=proxy est=0 out=0/s tx=0.0KB/s rx=0.0KB/s retrans=+0/0 badframe=0
2026/09/15 06:53:47 [MULTI] up=2/2 buf=0/0B replayed=0 dropped=0(old)/0(full) s0=UP(rx=0,tx=0,rc=0) probe=5/0/4/0 alive=1 rxAge=15s frames=0 werr=0 qfull=0 badframe=0 s1=UP(rx=0,tx=0,rc=0) probe=4/0/4/0 alive=1 rxAge=15s frames=0 werr=0 qfull=0 badframe=0
2026/09/15 06:53:52 [MULTI] up=2/2 buf=0/0B replayed=0 dropped=0(old)/0(full) s0=UP(rx=0,tx=0,rc=0) probe=6/0/6/0 alive=1 rxAge=20s frames=0 werr=0 qfull=0 badframe=0 s1=UP(rx=0,tx=0,rc=0) probe=6/0/6/0 alive=1 rxAge=20s frames=0 werr=0 qfull=0 badframe=0
2026/09/15 06:53:52 [STATS] up=20s mode=proxy est=0 out=0/s tx=0.0KB/s rx=0.0KB/s retrans=+0/0 badframe=0
2026/09/15 06:53:57 [MULTI] up=2/2 buf=0/0B replayed=0 dropped=0(old)/0(full) s0=UP(rx=0,tx=0,rc=0) probe=8/0/8/0 alive=1 rxAge=25s frames=0 werr=0 qfull=0 badframe=0 s1=UP(rx=0,tx=0,rc=0) probe=8/0/8/0 alive=1 rxAge=25s frames=0 werr=0 qfull=0 badframe=0
2026/09/15 06:54:02 [MULTI] up=2/2 buf=0/0B replayed=0 dropped=0(old)/0(full) s0=UP(rx=0,tx=0,rc=0) probe=9/0/9/0 alive=1 rxAge=30s frames=0 werr=0 qfull=0 badframe=0 s1=UP(rx=0,tx=0,rc=0) probe=9/0/9/0 alive=1 rxAge=30s frames=0 werr=0 qfull=0 badframe=0
2026/09/15 06:54:02 [STATS] up=30s mode=proxy est=0 out=0/s tx=0.0KB/s rx=0.0KB/s retrans=+0/0 badframe=0
2026/09/15 06:54:07 [MULTI] up=2/2 buf=0/0B replayed=0 dropped=0(old)/0(full) s0=UP(rx=0,tx=0,rc=0) probe=11/0/11/0 alive=1 rxAge=35s frames=0 werr=0 qfull=0 badframe=0 s1=UP(rx=0,tx=0,rc=0) probe=11/0/10/0 alive=1 rxAge=35s frames=0 werr=0 qfull=0 badframe=0
2026/09/15 06:54:12 [MULTI] up=2/2 buf=0/0B replayed=0 dropped=0(old)/0(full) s0=UP(rx=0,tx=0,rc=0) probe=13/0/13/0 alive=1 rxAge=40s frames=0 werr=0 qfull=0 badframe=0 s1=UP(rx=0,tx=0,rc=0) probe=11/0/10/0 alive=1 rxAge=40s frames=0 werr=0 qfull=0 badframe=0
2026/09/15 06:54:12 [STATS] up=40s mode=proxy est=0 out=0/s tx=0.0KB/s rx=0.0KB/s retrans=+0/0 badframe=0
2026/09/15 06:54:17 [MULTI] up=2/2 buf=0/0B replayed=0 dropped=0(old)/0(full) s0=UP(rx=0,tx=0,rc=0) probe=15/0/14/0 alive=1 rxAge=45s frames=0 werr=0 qfull=0 badframe=0 s1=UP(rx=0,tx=0,rc=0) probe=12/1/11/0 alive=1 rxAge=45s frames=0 werr=0 qfull=0 badframe=0
2026/09/15 06:54:22 [MULTI] up=2/2 buf=0/0B replayed=0 dropped=0(old)/0(full) s0=UP(rx=0,tx=0,rc=0) probe=16/0/16/0 alive=1 rxAge=50s frames=0 werr=0 qfull=0 badframe=0 s1=UP(rx=0,tx=0,rc=0) probe=14/1/13/0 alive=1 rxAge=50s frames=0 werr=0 qfull=0 badframe=0
2026/09/15 06:54:22 [STATS] up=50s mode=proxy est=0 out=0/s tx=0.0KB/s rx=0.0KB/s retrans=+0/0 badframe=0
2026/09/15 06:54:27 [MULTI] up=2/2 buf=0/0B replayed=0 dropped=0(old)/0(full) s0=UP(rx=0,tx=0,rc=0) probe=18/0/18/0 alive=1 rxAge=55s frames=0 werr=0 qfull=0 badframe=0 s1=UP(rx=0,tx=0,rc=0) probe=16/1/15/0 alive=1 rxAge=55s frames=0 werr=0 qfull=0 badframe=0
2026/09/15 06:54:32 [MULTI] up=2/2 buf=0/0B replayed=0 dropped=0(old)/0(full) s0=UP(rx=0,tx=0,rc=0) probe=20/0/19/0 alive=1 rxAge=1m0s frames=0 werr=0 qfull=0 badframe=0 s1=UP(rx=0,tx=0,rc=0) probe=17/1/16/0 alive=1 rxAge=1m0s frames=0 werr=0 qfull=0 badframe=0
2026/09/15 06:54:32 [STATS] up=1m0s mode=proxy est=0 out=0/s tx=0.0KB/s rx=0.0KB/s retrans=+0/0 badframe=0
2026/09/15 06:54:37 [MULTI] up=1/2 buf=0/0B replayed=0 dropped=0(old)/0(full) s0=UP(rx=0,tx=0,rc=1) probe=21/0/21/0 alive=1 rxAge=1m5s frames=0 werr=0 qfull=0 badframe=0 s1=DOWN(rx=0,tx=0,rc=1) probe=19/1/18/0 alive=1 rxAge=1m5s frames=0 werr=0 qfull=0 badframe=0
2026/09/15 06:54:42 [MULTI] up=2/2 buf=0/0B replayed=0 dropped=0(old)/0(full) s0=UP(rx=0,tx=0,rc=1) probe=23/0/23/0 alive=1 rxAge=1m10s frames=0 werr=0 qfull=0 badframe=0 s1=UP(rx=0,tx=0,rc=1) probe=21/1/20/0 alive=1 rxAge=1m10s frames=0 werr=0 qfull=0 badframe=0
2026/09/15 06:54:42 [STATS] up=1m10s mode=proxy est=0 out=0/s tx=0.0KB/s rx=0.0KB/s retrans=+0/0 badframe=0
2026/09/15 06:54:47 [MULTI] up=2/2 buf=0/0B replayed=0 dropped=0(old)/0(full) s0=UP(rx=0,tx=0,rc=1) probe=25/0/24/0 alive=1 rxAge=1m15s frames=0 werr=0 qfull=0 badframe=0 s1=UP(rx=0,tx=0,rc=1) probe=23/1/21/0 alive=1 rxAge=1m15s frames=0 werr=0 qfull=0 badframe=0
2026/09/15 06:54:52 [MULTI] up=2/2 buf=0/0B replayed=0 dropped=0(old)/0(full) s0=UP(rx=0,tx=0,rc=1) probe=26/0/26/0 alive=1 rxAge=1m20s frames=0 werr=0 qfull=0 badframe=0 s1=UP(rx=0,tx=0,rc=1) probe=24/1/23/0 alive=1 rxAge=1m20s frames=0 werr=0 qfull=0 badframe=0
2026/09/15 06:54:52 [STATS] up=1m20s mode=proxy est=0 out=0/s tx=0.0KB/s rx=0.0KB/s retrans=+0/0 badframe=0
2026/09/15 06:54:57 [MULTI] up=2/2 buf=0/0B replayed=0 dropped=0(old)/0(full) s0=UP(rx=0,tx=0,rc=1) probe=28/0/28/0 alive=1 rxAge=1m25s frames=0 werr=0 qfull=0 badframe=0 s1=UP(rx=0,tx=0,rc=1) probe=26/1/25/0 alive=1 rxAge=1m25s frames=0 werr=0 qfull=0 badframe=0
2026/09/15 06:55:02 [STATS] up=1m30s mode=proxy est=0 out=0/s tx=0.0KB/s rx=0.0KB/s retrans=+0/0 badframe=0
2026/09/15 06:55:02 [MULTI] up=2/2 buf=0/0B replayed=0 dropped=0(old)/0(full) s0=UP(rx=0,tx=0,rc=1) probe=30/0/29/0 alive=1 rxAge=1m30s frames=0 werr=0 qfull=0 badframe=0 s1=UP(rx=0,tx=0,rc=1) probe=28/1/26/0 alive=1 rxAge=1m30s frames=0 werr=0 qfull=0 badframe=0
2026/09/15 06:55:07 [MULTI] up=2/2 buf=0/0B replayed=0 dropped=0(old)/0(full) s0=UP(rx=0,tx=0,rc=1) probe=31/0/31/0 alive=1 rxAge=1m35s frames=0 werr=0 qfull=0 badframe=0 s1=UP(rx=0,tx=0,rc=1) probe=29/1/28/0 alive=1 rxAge=1m35s frames=0 werr=0 qfull=0 badframe=0
2026/09/15 06:55:12 [MULTI] up=2/2 buf=0/0B replayed=0 dropped=0(old)/0(full) s0=UP(rx=0,tx=0,rc=1) probe=32/0/31/0 alive=1 rxAge=1m40s frames=0 werr=0 qfull=0 badframe=0 s1=UP(rx=0,tx=0,rc=1) probe=30/1/28/0 alive=1 rxAge=1m40s frames=0 werr=0 qfull=0 badframe=0
2026/09/15 06:55:12 [STATS] up=1m40s mode=proxy est=0 out=0/s tx=0.0KB/s rx=0.0KB/s retrans=+0/0 badframe=0
2026/09/15 06:55:17 [MULTI] up=2/2 buf=0/0B replayed=0 dropped=0(old)/0(full) s0=UP(rx=0,tx=0,rc=1) probe=32/0/31/0 alive=1 rxAge=1m45s frames=0 werr=0 qfull=0 badframe=0 s1=UP(rx=0,tx=0,rc=1) probe=30/1/28/0 alive=1 rxAge=1m45s frames=0 werr=0 qfull=0 badframe=0
2026/09/15 06:55:22 [MULTI] up=2/2 buf=0/0B replayed=0 dropped=0(old)/0(full) s0=UP(rx=0,tx=0,rc=1) probe=33/1/31/0 alive=1 rxAge=1m50s frames=0 werr=0 qfull=0 badframe=0 s1=UP(rx=0,tx=0,rc=1) probe=31/2/28/0 alive=1 rxAge=1m50s frames=0 werr=0 qfull=0 badframe=0
2026/09/15 06:55:22 [STATS] up=1m50s mode=proxy est=0 out=0/s tx=0.0KB/s rx=0.0KB/s retrans=+0/0 badframe=0
2026/09/15 06:55:23 [YDOCS] probe unanswered (34 sent, 2 missed, 31 pongs, 0 late) — last frame 1m51.001s ago, 0 frames; keeping the stream in rotation
2026/09/15 06:55:26 [YDOCS] probe unanswered (32 sent, 3 missed, 28 pongs, 0 late) — last frame 1m54.002s ago, 0 frames; keeping the stream in rotation
2026/09/15 06:55:27 [MULTI] up=2/2 buf=0/0B replayed=0 dropped=0(old)/0(full) s0=UP(rx=0,tx=0,rc=1) probe=35/2/33/0 alive=1 rxAge=1m55s frames=0 werr=0 qfull=0 badframe=0 s1=UP(rx=0,tx=0,rc=1) probe=32/3/29/0 alive=1 rxAge=1m55s frames=0 werr=0 qfull=0 badframe=0
2026/09/15 06:55:32 [MULTI] up=2/2 buf=0/0B replayed=0 dropped=0(old)/0(full) s0=UP(rx=0,tx=0,rc=1) probe=36/2/34/0 alive=1 rxAge=2m0s frames=0 werr=0 qfull=0 badframe=0 s1=UP(rx=0,tx=0,rc=1) probe=33/3/30/0 alive=1 rxAge=2m0s frames=0 werr=0 qfull=0 badframe=0
2026/09/15 06:55:32 [STATS] up=2m0s mode=proxy est=0 out=0/s tx=0.0KB/s rx=0.0KB/s retrans=+0/0 badframe=0
2026/09/15 06:55:37 [MULTI] up=2/2 buf=0/0B replayed=0 dropped=0(old)/0(full) s0=UP(rx=0,tx=0,rc=1) probe=38/2/36/0 alive=1 rxAge=2m5s frames=0 werr=0 qfull=0 badframe=0 s1=UP(rx=0,tx=0,rc=1) probe=35/3/32/0 alive=1 rxAge=2m5s frames=0 werr=0 qfull=0 badframe=0
2026/09/15 06:55:42 [MULTI] up=2/2 buf=0/0B replayed=0 dropped=0(old)/0(full) s0=UP(rx=0,tx=0,rc=1) probe=40/2/38/0 alive=1 rxAge=2m10s frames=0 werr=0 qfull=0 badframe=0 s1=UP(rx=0,tx=0,rc=1) probe=37/3/34/0 alive=1 rxAge=2m10s frames=0 werr=0 qfull=0 badframe=0
2026/09/15 06:55:42 [STATS] up=2m10s mode=proxy est=0 out=0/s tx=0.0KB/s rx=0.0KB/s retrans=+0/0 badframe=0
2026/09/15 06:55:47 [MULTI] up=2/2 buf=0/0B replayed=0 dropped=0(old)/0(full) s0=UP(rx=0,tx=0,rc=1) probe=41/2/39/0 alive=1 rxAge=2m15s frames=0 werr=0 qfull=0 badframe=0 s1=UP(rx=0,tx=0,rc=1) probe=38/3/35/0 alive=1 rxAge=2m15s frames=0 werr=0 qfull=0 badframe=0
2026/09/15 06:55:52 [MULTI] up=2/2 buf=0/0B replayed=0 dropped=0(old)/0(full) s0=UP(rx=0,tx=0,rc=1) probe=43/2/41/0 alive=1 rxAge=2m20s frames=0 werr=0 qfull=0 badframe=0 s1=UP(rx=0,tx=0,rc=1) probe=40/3/37/0 alive=1 rxAge=2m20s frames=0 werr=0 qfull=0 badframe=0
2026/09/15 06:55:52 [STATS] up=2m20s mode=proxy est=0 out=0/s tx=0.0KB/s rx=0.0KB/s retrans=+0/0 badframe=0
2026/09/15 06:55:57 [MULTI] up=1/2 buf=0/0B replayed=0 dropped=0(old)/0(full) s0=UP(rx=0,tx=0,rc=2) probe=44/2/41/0 alive=1 rxAge=2m25s frames=0 werr=0 qfull=0 badframe=0 s1=DOWN(rx=0,tx=0,rc=2) probe=42/3/38/0 alive=1 rxAge=2m25s frames=0 werr=0 qfull=0 badframe=0
2026/09/15 06:56:02 [MULTI] up=2/2 buf=0/0B replayed=0 dropped=0(old)/0(full) s0=UP(rx=0,tx=0,rc=2) probe=44/2/41/0 alive=1 rxAge=2m30s frames=0 werr=0 qfull=0 badframe=0 s1=UP(rx=0,tx=0,rc=2) probe=42/3/38/0 alive=1 rxAge=2m30s frames=0 werr=0 qfull=0 badframe=0
2026/09/15 06:56:02 [STATS] up=2m30s mode=proxy est=0 out=0/s tx=0.0KB/s rx=0.0KB/s retrans=+0/0 badframe=0
2026/09/15 06:56:07 [MULTI] up=2/2 buf=0/0B replayed=0 dropped=0(old)/0(full) s0=UP(rx=0,tx=0,rc=2) probe=46/3/43/0 alive=1 rxAge=2m35s frames=0 werr=0 qfull=0 badframe=0 s1=UP(rx=0,tx=0,rc=2) probe=44/4/40/0 alive=1 rxAge=2m35s frames=0 werr=0 qfull=0 badframe=0
2026/09/15 06:56:12 [MULTI] up=2/2 buf=0/0B replayed=0 dropped=0(old)/0(full) s0=UP(rx=0,tx=0,rc=2) probe=48/3/45/0 alive=1 rxAge=2m40s frames=0 werr=0 qfull=0 badframe=0 s1=UP(rx=0,tx=0,rc=2) probe=46/4/42/0 alive=1 rxAge=2m40s frames=0 werr=0 qfull=0 badframe=0
2026/09/15 06:56:12 [STATS] up=2m40s mode=proxy est=0 out=0/s tx=0.0KB/s rx=0.0KB/s retrans=+0/0 badframe=0
2026/09/15 06:56:17 [MULTI] up=2/2 buf=0/0B replayed=0 dropped=0(old)/0(full) s0=UP(rx=0,tx=0,rc=2) probe=50/3/46/0 alive=1 rxAge=2m45s frames=0 werr=0 qfull=0 badframe=0 s1=UP(rx=0,tx=0,rc=2) probe=47/4/43/0 alive=1 rxAge=2m45s frames=0 werr=0 qfull=0 badframe=0
2026/09/15 06:56:22 [MULTI] up=2/2 buf=0/0B replayed=0 dropped=0(old)/0(full) s0=UP(rx=0,tx=0,rc=2) probe=51/3/48/0 alive=1 rxAge=2m50s frames=0 werr=0 qfull=0 badframe=0 s1=UP(rx=0,tx=0,rc=2) probe=49/4/45/0 alive=1 rxAge=2m50s frames=0 werr=0 qfull=0 badframe=0
2026/09/15 06:56:22 [STATS] up=2m50s mode=proxy est=0 out=0/s tx=0.0KB/s rx=0.0KB/s retrans=+0/0 badframe=0
2026/09/15 06:56:27 [MULTI] up=2/2 buf=0/0B replayed=0 dropped=0(old)/0(full) s0=UP(rx=0,tx=0,rc=2) probe=53/3/49/0 alive=1 rxAge=2m55s frames=0 werr=0 qfull=0 badframe=0 s1=UP(rx=0,tx=0,rc=2) probe=51/4/47/0 alive=1 rxAge=2m55s frames=0 werr=0 qfull=0 badframe=0
2026/09/15 06:56:32 [MULTI] up=2/2 buf=0/0B replayed=0 dropped=0(old)/0(full) s0=UP(rx=0,tx=0,rc=2) probe=53/3/49/0 alive=1 rxAge=3m0s frames=0 werr=0 qfull=0 badframe=0 s1=UP(rx=0,tx=0,rc=2) probe=52/4/47/0 alive=1 rxAge=3m0s frames=0 werr=0 qfull=0 badframe=0
2026/09/15 06:56:32 [STATS] up=3m0s mode=proxy est=0 out=0/s tx=0.0KB/s rx=0.0KB/s retrans=+0/0 badframe=0
2026/09/15 06:56:37 [MULTI] up=2/2 buf=0/0B replayed=0 dropped=0(old)/0(full) s0=UP(rx=9,tx=11,rc=2) probe=55/4/51/0 alive=1 rxAge=1s frames=11 werr=0 qfull=0 badframe=0 s1=UP(rx=0,tx=0,rc=2) probe=52/4/47/0 alive=1 rxAge=3m5s frames=0 werr=0 qfull=0 badframe=0
2026/09/15 06:56:42 [MULTI] up=2/2 buf=0/0B replayed=0 dropped=0(old)/0(full) s0=UP(rx=9,tx=11,rc=2) probe=57/4/53/0 alive=1 rxAge=6s frames=11 werr=0 qfull=0 badframe=0 s1=UP(rx=0,tx=0,rc=2) probe=54/5/49/0 alive=1 rxAge=3m10s frames=0 werr=0 qfull=0 badframe=0
2026/09/15 06:56:42 [STATS] up=3m10s mode=proxy est=0 out=1/s tx=0.1KB/s rx=0.4KB/s retrans=+0/0 badframe=0
2026/09/15 06:56:47 [MULTI] up=2/2 buf=0/0B replayed=0 dropped=0(old)/0(full) s0=UP(rx=9,tx=11,rc=2) probe=59/4/54/0 alive=1 rxAge=11s frames=11 werr=0 qfull=0 badframe=0 s1=UP(rx=8,tx=11,rc=2) probe=56/5/50/0 alive=1 rxAge=2s frames=11 werr=0 qfull=0 badframe=0
2026/09/15 06:56:52 [MULTI] up=2/2 buf=0/0B replayed=0 dropped=0(old)/0(full) s0=UP(rx=9,tx=11,rc=2) probe=60/4/56/0 alive=1 rxAge=16s frames=11 werr=0 qfull=0 badframe=0 s1=UP(rx=8,tx=11,rc=2) probe=57/5/52/0 alive=1 rxAge=7s frames=11 werr=0 qfull=0 badframe=0
2026/09/15 06:56:52 [STATS] up=3m20s mode=proxy est=0 out=1/s tx=0.1KB/s rx=0.4KB/s retrans=+0/0 badframe=0
2026/09/15 06:56:57 [MULTI] up=2/2 buf=0/0B replayed=0 dropped=0(old)/0(full) s0=UP(rx=9,tx=11,rc=2) probe=62/4/58/0 alive=1 rxAge=21s frames=11 werr=0 qfull=0 badframe=0 s1=UP(rx=8,tx=11,rc=2) probe=59/5/54/0 alive=1 rxAge=12s frames=11 werr=0 qfull=0 badframe=0
2026/09/15 06:57:02 [MULTI] up=1/2 buf=0/0B replayed=0 dropped=0(old)/0(full) s0=UP(rx=19,tx=22,rc=3) probe=63/4/59/0 alive=1 rxAge=2s frames=22 werr=0 qfull=0 badframe=0 s1=DOWN(rx=8,tx=12,rc=3) probe=60/5/55/0 alive=1 rxAge=17s frames=12 werr=0 qfull=0 badframe=0
2026/09/15 06:57:02 [STATS] up=3m30s mode=proxy est=0 out=1/s tx=0.1KB/s rx=0.4KB/s retrans=+0/0 badframe=0
2026/09/15 06:57:07 [MULTI] up=2/2 buf=0/0B replayed=0 dropped=0(old)/0(full) s0=UP(rx=19,tx=22,rc=3) probe=65/4/61/0 alive=1 rxAge=7s frames=22 werr=0 qfull=0 badframe=0 s1=UP(rx=8,tx=12,rc=5) probe=61/5/55/0 alive=1 rxAge=22s frames=12 werr=0 qfull=0 badframe=0
2026/09/15 06:57:12 [MULTI] up=2/2 buf=0/0B replayed=0 dropped=0(old)/0(full) s0=UP(rx=19,tx=22,rc=3) probe=67/4/63/0 alive=1 rxAge=12s frames=22 werr=0 qfull=0 badframe=0 s1=UP(rx=8,tx=12,rc=5) probe=63/6/57/0 alive=1 rxAge=27s frames=12 werr=0 qfull=0 badframe=0
2026/09/15 06:57:12 [STATS] up=3m40s mode=proxy est=0 out=0/s tx=0.0KB/s rx=0.0KB/s retrans=+0/0 badframe=0
2026/09/15 06:57:17 [MULTI] up=2/2 buf=0/0B replayed=0 dropped=0(old)/0(full) s0=UP(rx=19,tx=22,rc=3) probe=69/4/64/0 alive=1 rxAge=17s frames=22 werr=0 qfull=0 badframe=0 s1=UP(rx=8,tx=12,rc=5) probe=64/6/58/0 alive=1 rxAge=32s frames=12 werr=0 qfull=0 badframe=0
2026/09/15 06:57:22 [MULTI] up=2/2 buf=0/0B replayed=0 dropped=0(old)/0(full) s0=UP(rx=19,tx=22,rc=3) probe=70/4/66/0 alive=1 rxAge=22s frames=22 werr=0 qfull=0 badframe=0 s1=UP(rx=8,tx=12,rc=5) probe=66/6/60/0 alive=1 rxAge=37s frames=12 werr=0 qfull=0 badframe=0
2026/09/15 06:57:22 [STATS] up=3m50s mode=proxy est=0 out=0/s tx=0.0KB/s rx=0.0KB/s retrans=+0/0 badframe=0
2026/09/15 06:57:27 [MULTI] up=2/2 buf=0/0B replayed=0 dropped=0(old)/0(full) s0=UP(rx=19,tx=22,rc=3) probe=72/4/68/0 alive=1 rxAge=27s frames=22 werr=0 qfull=0 badframe=0 s1=UP(rx=8,tx=12,rc=5) probe=68/6/62/0 alive=1 rxAge=42s frames=12 werr=0 qfull=0 badframe=0
2026/09/15 06:57:32 [MULTI] up=2/2 buf=0/0B replayed=0 dropped=0(old)/0(full) s0=UP(rx=19,tx=22,rc=3) probe=73/4/68/0 alive=1 rxAge=32s frames=22 werr=0 qfull=0 badframe=0 s1=UP(rx=8,tx=12,rc=5) probe=69/6/63/0 alive=1 rxAge=47s frames=12 werr=0 qfull=0 badframe=0
2026/09/15 06:57:32 [STATS] up=4m0s mode=proxy est=0 out=0/s tx=0.0KB/s rx=0.0KB/s retrans=+0/0 badframe=0
2026/09/15 06:57:37 [MULTI] up=2/2 buf=0/0B replayed=0 dropped=0(old)/0(full) s0=UP(rx=19,tx=22,rc=3) probe=74/5/69/0 alive=1 rxAge=37s frames=22 werr=0 qfull=0 badframe=0 s1=UP(rx=8,tx=12,rc=5) probe=71/6/65/0 alive=1 rxAge=52s frames=12 werr=0 qfull=0 badframe=0
2026/09/15 06:57:42 [MULTI] up=2/2 buf=0/0B replayed=0 dropped=0(old)/0(full) s0=UP(rx=19,tx=22,rc=3) probe=76/5/71/0 alive=1 rxAge=42s frames=22 werr=0 qfull=0 badframe=0 s1=UP(rx=8,tx=12,rc=5) probe=73/6/67/0 alive=1 rxAge=57s frames=12 werr=0 qfull=0 badframe=0
2026/09/15 06:57:42 [STATS] up=4m10s mode=proxy est=0 out=0/s tx=0.0KB/s rx=0.0KB/s retrans=+0/0 badframe=0
2026/09/15 06:57:47 [MULTI] up=2/2 buf=0/0B replayed=0 dropped=0(old)/0(full) s0=UP(rx=19,tx=22,rc=3) probe=77/5/72/0 alive=1 rxAge=47s frames=22 werr=0 qfull=0 badframe=0 s1=UP(rx=8,tx=12,rc=5) probe=74/6/68/0 alive=1 rxAge=1m2s frames=12 werr=0 qfull=0 badframe=0
2026/09/15 06:57:52 [MULTI] up=2/2 buf=0/0B replayed=0 dropped=0(old)/0(full) s0=UP(rx=19,tx=22,rc=3) probe=79/5/74/0 alive=1 rxAge=52s frames=22 werr=0 qfull=0 badframe=0 s1=UP(rx=8,tx=12,rc=5) probe=76/6/70/0 alive=1 rxAge=1m7s frames=12 werr=0 qfull=0 badframe=0
2026/09/15 06:57:52 [STATS] up=4m20s mode=proxy est=0 out=0/s tx=0.0KB/s rx=0.0KB/s retrans=+0/0 badframe=0
2026/09/15 06:57:57 [MULTI] up=2/2 buf=0/0B replayed=0 dropped=0(old)/0(full) s0=UP(rx=19,tx=22,rc=3) probe=81/5/76/0 alive=1 rxAge=57s frames=22 werr=0 qfull=0 badframe=0 s1=UP(rx=8,tx=12,rc=5) probe=78/6/72/0 alive=1 rxAge=1m12s frames=12 werr=0 qfull=0 badframe=0
2026/09/15 06:58:02 [MULTI] up=2/2 buf=0/0B replayed=0 dropped=0(old)/0(full) s0=UP(rx=19,tx=25,rc=3) probe=83/5/77/0 alive=1 rxAge=1m2s frames=25 werr=0 qfull=0 badframe=0 s1=UP(rx=9,tx=12,rc=5) probe=79/6/73/0 alive=1 rxAge=0s frames=12 werr=0 qfull=0 badframe=0
2026/09/15 06:58:02 [STATS] up=4m30s mode=proxy est=1 out=0/s tx=0.1KB/s rx=0.0KB/s retrans=+0/0 badframe=0
2026/09/15 06:58:07 [MULTI] up=2/2 buf=0/0B replayed=0 dropped=0(old)/0(full) s0=UP(rx=19,tx=25,rc=5) probe=83/5/77/0 alive=1 rxAge=1m7s frames=25 werr=0 qfull=0 badframe=0 s1=UP(rx=716,tx=685,rc=5) probe=81/6/75/0 alive=1 rxAge=0s frames=685 werr=0 qfull=0 badframe=0
2026/09/15 06:58:12 [MULTI] up=2/2 buf=0/0B replayed=0 dropped=0(old)/0(full) s0=UP(rx=19,tx=25,rc=5) probe=85/6/79/0 alive=1 rxAge=1m12s frames=25 werr=0 qfull=0 badframe=0 s1=UP(rx=1162,tx=1114,rc=6) probe=83/6/77/0 alive=1 rxAge=0s frames=1114 werr=0 qfull=0 badframe=0
2026/09/15 06:58:12 [STATS] up=4m40s mode=proxy est=1 out=110/s tx=5.8KB/s rx=161.0KB/s retrans=+1/1 badframe=0
2026/09/15 06:58:17 [MULTI] up=2/2 buf=0/0B replayed=0 dropped=0(old)/0(full) s0=UP(rx=19,tx=25,rc=5) probe=86/6/80/0 alive=1 rxAge=1m17s frames=25 werr=0 qfull=0 badframe=0 s1=UP(rx=1281,tx=1233,rc=6) probe=84/6/78/0 alive=1 rxAge=0s frames=1233 werr=0 qfull=0 badframe=0
2026/09/15 06:58:22 [MULTI] up=2/2 buf=0/0B replayed=0 dropped=0(old)/0(full) s0=UP(rx=19,tx=25,rc=5) probe=88/6/82/0 alive=1 rxAge=1m22s frames=25 werr=0 qfull=0 badframe=0 s1=UP(rx=1906,tx=1837,rc=6) probe=86/6/80/0 alive=1 rxAge=0s frames=1837 werr=0 qfull=0 badframe=0
2026/09/15 06:58:22 [STATS] up=4m50s mode=proxy est=1 out=72/s tx=3.7KB/s rx=105.3KB/s retrans=+0/1 badframe=0
2026/09/15 06:58:27 [MULTI] up=2/2 buf=0/0B replayed=0 dropped=0(old)/0(full) s0=UP(rx=19,tx=25,rc=5) probe=90/6/84/0 alive=1 rxAge=1m27s frames=25 werr=0 qfull=0 badframe=0 s1=UP(rx=6874,tx=6675,rc=6) probe=88/6/82/0 alive=1 rxAge=0s frames=6675 werr=0 qfull=0 badframe=0
2026/09/15 06:58:32 [MULTI] up=2/2 buf=0/0B replayed=0 dropped=0(old)/0(full) s0=UP(rx=19,tx=25,rc=5) probe=92/6/85/0 alive=1 rxAge=1m32s frames=25 werr=0 qfull=0 badframe=0 s1=UP(rx=18068,tx=17471,rc=6) probe=89/6/83/0 alive=1 rxAge=0s frames=17471 werr=0 qfull=0 badframe=0
2026/09/15 06:58:32 [STATS] up=5m0s mode=proxy est=0 out=1563/s tx=80.9KB/s rx=2272.9KB/s retrans=+0/1 badframe=0
2026/09/15 06:58:37 [MULTI] up=2/2 buf=0/0B replayed=0 dropped=0(old)/0(full) s0=UP(rx=19,tx=25,rc=5) probe=93/6/87/0 alive=1 rxAge=1m37s frames=25 werr=0 qfull=0 badframe=0 s1=UP(rx=18068,tx=17471,rc=6) probe=91/6/85/0 alive=1 rxAge=5s frames=17471 werr=0 qfull=0 badframe=0
2026/09/15 06:58:42 [MULTI] up=2/2 buf=0/0B replayed=0 dropped=0(old)/0(full) s0=UP(rx=19,tx=25,rc=5) probe=94/6/87/0 alive=1 rxAge=1m42s frames=25 werr=0 qfull=0 badframe=0 s1=UP(rx=18068,tx=17471,rc=6) probe=93/6/86/0 alive=1 rxAge=10s frames=17471 werr=0 qfull=0 badframe=0
2026/09/15 06:58:42 [STATS] up=5m10s mode=proxy est=0 out=0/s tx=0.0KB/s rx=0.0KB/s retrans=+0/1 badframe=0
2026/09/15 06:58:47 [MULTI] up=2/2 buf=0/0B replayed=0 dropped=0(old)/0(full) s0=UP(rx=19,tx=25,rc=5) probe=95/7/88/0 alive=1 rxAge=1m47s frames=25 werr=0 qfull=0 badframe=0 s1=UP(rx=18068,tx=17471,rc=6) probe=93/6/86/0 alive=1 rxAge=15s frames=17471 werr=0 qfull=0 badframe=0
2026/09/15 06:58:52 [MULTI] up=2/2 buf=0/0B replayed=0 dropped=0(old)/0(full) s0=UP(rx=19,tx=25,rc=5) probe=97/7/90/0 alive=1 rxAge=1m52s frames=25 werr=0 qfull=0 badframe=0 s1=UP(rx=18068,tx=17471,rc=6) probe=94/7/87/0 alive=1 rxAge=20s frames=17471 werr=0 qfull=0 badframe=0
2026/09/15 06:58:52 [STATS] up=5m20s mode=proxy est=0 out=0/s tx=0.0KB/s rx=0.0KB/s retrans=+0/1 badframe=0
2026/09/15 06:58:57 [MULTI] up=2/2 buf=0/0B replayed=0 dropped=0(old)/0(full) s0=UP(rx=19,tx=25,rc=5) probe=99/7/92/0 alive=1 rxAge=1m57s frames=25 werr=0 qfull=0 badframe=0 s1=UP(rx=18068,tx=17471,rc=6) probe=96/7/89/0 alive=1 rxAge=25s frames=17471 werr=0 qfull=0 badframe=0
2026/09/15 06:59:02 [MULTI] up=2/2 buf=0/0B replayed=0 dropped=0(old)/0(full) s0=UP(rx=19,tx=25,rc=5) probe=100/7/93/0 alive=1 rxAge=2m2s frames=25 werr=0 qfull=0 badframe=0 s1=UP(rx=18068,tx=17471,rc=6) probe=97/7/90/0 alive=1 rxAge=30s frames=17471 werr=0 qfull=0 badframe=0
2026/09/15 06:59:02 [STATS] up=5m30s mode=proxy est=0 out=0/s tx=0.0KB/s rx=0.0KB/s retrans=+0/1 badframe=0
2026/09/15 06:59:07 [MULTI] up=2/2 buf=0/0B replayed=0 dropped=0(old)/0(full) s0=UP(rx=19,tx=25,rc=5) probe=102/7/95/0 alive=1 rxAge=2m7s frames=25 werr=0 qfull=0 badframe=0 s1=UP(rx=18068,tx=17471,rc=6) probe=99/7/92/0 alive=1 rxAge=35s frames=17471 werr=0 qfull=0 badframe=0
2026/09/15 06:59:12 [MULTI] up=2/2 buf=0/0B replayed=0 dropped=0(old)/0(full) s0=UP(rx=19,tx=25,rc=5) probe=104/7/97/0 alive=1 rxAge=2m12s frames=25 werr=0 qfull=0 badframe=0 s1=UP(rx=18068,tx=17471,rc=6) probe=101/7/94/0 alive=1 rxAge=40s frames=17471 werr=0 qfull=0 badframe=0
2026/09/15 06:59:12 [STATS] up=5m40s mode=proxy est=0 out=0/s tx=0.0KB/s rx=0.0KB/s retrans=+0/1 badframe=0
2026/09/15 06:59:17 [MULTI] up=2/2 buf=0/0B replayed=0 dropped=0(old)/0(full) s0=UP(rx=19,tx=25,rc=6) probe=105/7/97/0 alive=1 rxAge=2m17s frames=25 werr=0 qfull=0 badframe=0 s1=UP(rx=18068,tx=17471,rc=6) probe=102/7/95/0 alive=1 rxAge=45s frames=17471 werr=0 qfull=0 badframe=0
2026/09/15 06:59:22 [MULTI] up=2/2 buf=0/0B replayed=0 dropped=0(old)/0(full) s0=UP(rx=19,tx=25,rc=6) probe=106/8/98/0 alive=1 rxAge=2m22s frames=25 werr=0 qfull=0 badframe=0 s1=UP(rx=18068,tx=17471,rc=7) probe=104/7/97/0 alive=1 rxAge=50s frames=17471 werr=0 qfull=0 badframe=0
2026/09/15 06:59:22 [STATS] up=5m50s mode=proxy est=0 out=0/s tx=0.0KB/s rx=0.0KB/s retrans=+0/1 badframe=0
2026/09/15 06:59:27 [MULTI] up=2/2 buf=0/0B replayed=0 dropped=0(old)/0(full) s0=UP(rx=19,tx=25,rc=6) probe=108/8/100/0 alive=1 rxAge=2m27s frames=25 werr=0 qfull=0 badframe=0 s1=UP(rx=18068,tx=17471,rc=7) probe=106/7/99/0 alive=1 rxAge=55s frames=17471 werr=0 qfull=0 badframe=0
2026/09/15 06:59:32 [MULTI] up=2/2 buf=0/0B replayed=0 dropped=0(old)/0(full) s0=UP(rx=19,tx=25,rc=6) probe=109/8/101/0 alive=1 rxAge=2m32s frames=25 werr=0 qfull=0 badframe=0 s1=UP(rx=18068,tx=17471,rc=7) probe=107/7/100/0 alive=1 rxAge=1m0s frames=17471 werr=0 qfull=0 badframe=0
2026/09/15 06:59:32 [STATS] up=6m0s mode=proxy est=0 out=0/s tx=0.0KB/s rx=0.0KB/s retrans=+0/1 badframe=0
2026/09/15 06:59:37 [MULTI] up=2/2 buf=0/0B replayed=0 dropped=0(old)/0(full) s0=UP(rx=29,tx=37,rc=6) probe=111/8/103/0 alive=1 rxAge=2s frames=37 werr=0 qfull=0 badframe=0 s1=UP(rx=18068,tx=17471,rc=7) probe=109/7/102/0 alive=1 rxAge=1m5s frames=17471 werr=0 qfull=0 badframe=0
2026/09/15 06:59:42 [MULTI] up=2/2 buf=0/0B replayed=0 dropped=0(old)/0(full) s0=UP(rx=40,tx=49,rc=6) probe=113/8/105/0 alive=1 rxAge=1s frames=49 werr=0 qfull=0 badframe=0 s1=UP(rx=18078,tx=17483,rc=7) probe=111/7/104/0 alive=1 rxAge=3s frames=17483 werr=0 qfull=0 badframe=0
2026/09/15 06:59:42 [STATS] up=6m10s mode=proxy est=0 out=3/s tx=0.4KB/s rx=1.4KB/s retrans=+0/1 badframe=0
2026/09/15 06:59:47 [MULTI] up=2/2 buf=0/0B replayed=0 dropped=0(old)/0(full) s0=UP(rx=40,tx=49,rc=6) probe=114/8/106/0 alive=1 rxAge=6s frames=49 werr=0 qfull=0 badframe=0 s1=UP(rx=18088,tx=17494,rc=7) probe=112/7/105/0 alive=1 rxAge=0s frames=17494 werr=0 qfull=0 badframe=0
2026/09/15 06:59:52 [MULTI] up=2/2 buf=0/0B replayed=0 dropped=0(old)/0(full) s0=UP(rx=40,tx=49,rc=6) probe=116/8/108/0 alive=1 rxAge=11s frames=49 werr=0 qfull=0 badframe=0 s1=UP(rx=18088,tx=17494,rc=7) probe=114/7/106/0 alive=1 rxAge=5s frames=17494 werr=0 qfull=0 badframe=0
2026/09/15 06:59:52 [STATS] up=6m20s mode=proxy est=0 out=1/s tx=0.1KB/s rx=0.5KB/s retrans=+0/1 badframe=0
2026/09/15 06:59:57 [MULTI] up=2/2 buf=0/0B replayed=0 dropped=0(old)/0(full) s0=UP(rx=50,tx=61,rc=6) probe=118/8/110/0 alive=1 rxAge=1s frames=61 werr=0 qfull=0 badframe=0 s1=UP(rx=18088,tx=17494,rc=7) probe=115/8/107/0 alive=1 rxAge=10s frames=17494 werr=0 qfull=0 badframe=0
2026/09/15 07:00:02 [MULTI] up=2/2 buf=0/0B replayed=0 dropped=0(old)/0(full) s0=UP(rx=55,tx=69,rc=6) probe=119/8/111/0 alive=1 rxAge=0s frames=69 werr=0 qfull=0 badframe=0 s1=UP(rx=18099,tx=17506,rc=7) probe=116/8/108/0 alive=1 rxAge=3s frames=17506 werr=0 qfull=0 badframe=0
2026/09/15 07:00:02 [STATS] up=6m30s mode=proxy est=1 out=3/s tx=0.4KB/s rx=1.3KB/s retrans=+0/1 badframe=0
2026/09/15 07:00:07 [MULTI] up=2/2 buf=0/0B replayed=0 dropped=0(old)/0(full) s0=UP(rx=61,tx=75,rc=6) probe=121/8/113/0 alive=1 rxAge=4s frames=75 werr=0 qfull=0 badframe=0 s1=UP(rx=18110,tx=17517,rc=7) probe=118/8/110/0 alive=1 rxAge=3s frames=17517 werr=0 qfull=0 badframe=0
